// Jest Snapshot v1, https://goo.gl/fbAQLP

exports[`Dot Renders correctly 1`] = `
<span
  className="fikasio-dot fikasio-theme-dark"
  style={
    Object {
      "backgroundColor": "#000000",
      "height": 30,
      "width": 30,
    }
  }
/>
`;
