// Jest Snapshot v1, https://goo.gl/fbAQLP

exports[`Input Renders correctly 1`] = `
<body>
  <div>
    <div
      class="fikasio-input fikasio-theme-dark"
      style="border: 1px solid #cccccc;"
    >
      <input
        class="form-control"
        style="border-radius: 0; height: 36px; padding: 6px 6px 6px 10px; width: 98%;"
        value=""
      />
    </div>
  </div>
</body>
`;
